// Jest Snapshot v1, https://goo.gl/fbAQLP

exports[`Component render testing App page renders correctly 1`] = `
<DocumentFragment>
  <div
    class="App"
  >
    <div>
      <header
        class="header"
      >
        <h1
          class="header-title"
        >
          WeatherHub: Explore Weather in Major Cities 
        </h1>
        <div
          class="header-content"
        >
          <div
            class="header-filter"
          >
            <span>
              Filter
            </span>
            <select>
              <option
                value="All"
              >
                All
              </option>
              <option
                value="Hot"
              >
                Hot
              </option>
              <option
                value="Temperate"
              >
                Temperate
              </option>
              <option
                value="Cold"
              >
                Cold
              </option>
            </select>
          </div>
          <h2>
            Most views
          </h2>
          <div
            class="icons"
          >
            <img
              alt="microphone"
              class="icons-img"
              src="blue-radio-microphone.png"
            />
            <img
              alt="setting"
              class="icons-img"
              src="settings.png"
            />
          </div>
        </div>
      </header>
    </div>
  </div>
</DocumentFragment>
`;
